------------------------------------------------------------
Timing Analyzer Summary
------------------------------------------------------------

Type  : Slow 1200mV 85C Model Setup 'clk_1hz'
Slack : -8.765
TNS   : -304.947

Type  : Slow 1200mV 85C Model Setup 'clk'
Slack : -4.507
TNS   : -60.011

Type  : Slow 1200mV 85C Model Hold 'clk_1hz'
Slack : 0.454
TNS   : 0.000

Type  : Slow 1200mV 85C Model Hold 'clk'
Slack : 0.745
TNS   : 0.000

Type  : Slow 1200mV 85C Model Minimum Pulse Width 'clk'
Slack : -3.000
TNS   : -43.149

Type  : Slow 1200mV 85C Model Minimum Pulse Width 'clk_1hz'
Slack : -1.487
TNS   : -92.194

Type  : Slow 1200mV 0C Model Setup 'clk_1hz'
Slack : -8.040
TNS   : -275.657

Type  : Slow 1200mV 0C Model Setup 'clk'
Slack : -4.133
TNS   : -52.060

Type  : Slow 1200mV 0C Model Hold 'clk_1hz'
Slack : 0.402
TNS   : 0.000

Type  : Slow 1200mV 0C Model Hold 'clk'
Slack : 0.693
TNS   : 0.000

Type  : Slow 1200mV 0C Model Minimum Pulse Width 'clk'
Slack : -3.000
TNS   : -43.149

Type  : Slow 1200mV 0C Model Minimum Pulse Width 'clk_1hz'
Slack : -1.487
TNS   : -92.194

Type  : Fast 1200mV 0C Model Setup 'clk_1hz'
Slack : -3.123
TNS   : -95.371

Type  : Fast 1200mV 0C Model Setup 'clk'
Slack : -1.466
TNS   : -11.860

Type  : Fast 1200mV 0C Model Hold 'clk_1hz'
Slack : 0.187
TNS   : 0.000

Type  : Fast 1200mV 0C Model Hold 'clk'
Slack : 0.298
TNS   : 0.000

Type  : Fast 1200mV 0C Model Minimum Pulse Width 'clk'
Slack : -3.000
TNS   : -31.749

Type  : Fast 1200mV 0C Model Minimum Pulse Width 'clk_1hz'
Slack : -1.000
TNS   : -62.000

------------------------------------------------------------
